[    0.000000] Initializing cgroup subsys cpuset
[    0.000000] Initializing cgroup subsys cpu
[    0.000000] Initializing cgroup subsys cpuacct
[    0.000000] Linux version 4.4.0-165-generic (buildd@lgw01-amd64-027) (gcc version 5.4.0 20160609 (Ubuntu 5.4.0-6ubuntu1~16.04.10) ) #193-Ubuntu SMP Tue Sep 17 17:42:52 UTC 2019 (Ubuntu 4.4.0-165.193-generic 4.4.189)
[    0.000000] Command line: BOOT_IMAGE=/boot/vmlinuz-4.4.0-165-generic root=LABEL=cloudimg-rootfs ro console=tty1 console=ttyS0
[    0.000000] KERNEL supported cpus:
[    0.000000]   Intel GenuineIntel
[    0.000000]   AMD AuthenticAMD
[    0.000000]   Centaur CentaurHauls
[    0.000000] x86/fpu: xstate_offset[2]:  576, xstate_sizes[2]:  256
[    0.000000] x86/fpu: Supporting XSAVE feature 0x01: 'x87 floating point registers'
[    0.000000] x86/fpu: Supporting XSAVE feature 0x02: 'SSE registers'
[    0.000000] x86/fpu: Supporting XSAVE feature 0x04: 'AVX registers'
[    0.000000] x86/fpu: Enabled xstate features 0x7, context size is 832 bytes, using 'standard' format.
[    0.000000] e820: BIOS-provided physical RAM map:
[    0.000000] BIOS-e820: [mem 0x0000000000000000-0x000000000009fbff] usable
[    0.000000] BIOS-e820: [mem 0x000000000009fc00-0x000000000009ffff] reserved
[    0.000000] BIOS-e820: [mem 0x00000000000f0000-0x00000000000fffff] reserved
[    0.000000] BIOS-e820: [mem 0x0000000000100000-0x000000003ffeffff] usable
[    0.000000] BIOS-e820: [mem 0x000000003fff0000-0x000000003fffffff] ACPI data
[    0.000000] BIOS-e820: [mem 0x00000000fec00000-0x00000000fec00fff] reserved
[    0.000000] BIOS-e820: [mem 0x00000000fee00000-0x00000000fee00fff] reserved
[    0.000000] BIOS-e820: [mem 0x00000000fffc0000-0x00000000ffffffff] reserved
[    0.000000] NX (Execute Disable) protection: active
[    0.000000] SMBIOS 2.5 present.
[    0.000000] Hypervisor detected: KVM
[    0.000000] Kernel/User page tables isolation: disabled
[    0.000000] e820: last_pfn = 0x3fff0 max_arch_pfn = 0x400000000
[    0.000000] MTRR: Disabled
[    0.000000] x86/PAT: MTRRs disabled, skipping PAT initialization too.
[    0.000000] CPU MTRRs all blank - virtualized system.
[    0.000000] x86/PAT: Configuration [0-7]: WB  WT  UC- UC  WB  WT  UC- UC  
[    0.000000] found SMP MP-table at [mem 0x0009fff0-0x0009ffff] mapped at [ffff88000009fff0]
[    0.000000] Scanning 1 areas for low memory corruption
[    0.000000] RAMDISK: [mem 0x362fa000-0x37174fff]
[    0.000000] ACPI: Early table checksum verification disabled
[    0.000000] ACPI: RSDP 0x00000000000E0000 000024 (v02 VBOX  )
[    0.000000] ACPI: XSDT 0x000000003FFF0030 00003C (v01 VBOX   VBOXXSDT 00000001 ASL  00000061)
[    0.000000] ACPI: FACP 0x000000003FFF00F0 0000F4 (v04 VBOX   VBOXFACP 00000001 ASL  00000061)
[    0.000000] ACPI: DSDT 0x000000003FFF0470 0022EA (v02 VBOX   VBOXBIOS 00000002 INTL 20100528)
[    0.000000] ACPI: FACS 0x000000003FFF0200 000040
[    0.000000] ACPI: FACS 0x000000003FFF0200 000040
[    0.000000] ACPI: APIC 0x000000003FFF0240 00005C (v02 VBOX   VBOXAPIC 00000001 ASL  00000061)
[    0.000000] ACPI: SSDT 0x000000003FFF02A0 0001CC (v01 VBOX   VBOXCPUT 00000002 INTL 20100528)
[    0.000000] No NUMA configuration found
[    0.000000] Faking a node at [mem 0x0000000000000000-0x000000003ffeffff]
[    0.000000] NODE_DATA(0) allocated [mem 0x3ffeb000-0x3ffeffff]
[    0.000000] kvm-clock: Using msrs 4b564d01 and 4b564d00
[    0.000000] kvm-clock: cpu 0, msr 0:3ffe3001, primary cpu clock
[    0.000000] kvm-clock: using sched offset of 4040107342 cycles
[    0.000000] clocksource: kvm-clock: mask: 0xffffffffffffffff max_cycles: 0x1cd42e4dffb, max_idle_ns: 881590591483 ns
[    0.000000] Zone ranges:
[    0.000000]   DMA      [mem 0x0000000000001000-0x0000000000ffffff]
[    0.000000]   DMA32    [mem 0x0000000001000000-0x000000003ffeffff]
[    0.000000]   Normal   empty
[    0.000000]   Device   empty
[    0.000000] Movable zone start for each node
[    0.000000] Early memory node ranges
[    0.000000]   node   0: [mem 0x0000000000001000-0x000000000009efff]
[    0.000000]   node   0: [mem 0x0000000000100000-0x000000003ffeffff]
[    0.000000] Initmem setup node 0 [mem 0x0000000000001000-0x000000003ffeffff]
[    0.000000] ACPI: PM-Timer IO Port: 0x4008
[    0.000000] IOAPIC[0]: apic_id 2, version 32, address 0xfec00000, GSI 0-23
[    0.000000] ACPI: INT_SRC_OVR (bus 0 bus_irq 0 global_irq 2 dfl dfl)
[    0.000000] ACPI: INT_SRC_OVR (bus 0 bus_irq 9 global_irq 9 low level)
[    0.000000] Using ACPI (MADT) for SMP configuration information
[    0.000000] smpboot: Allowing 2 CPUs, 0 hotplug CPUs
[    0.000000] PM: Registered nosave memory: [mem 0x00000000-0x00000fff]
[    0.000000] PM: Registered nosave memory: [mem 0x0009f000-0x0009ffff]
[    0.000000] PM: Registered nosave memory: [mem 0x000a0000-0x000effff]
[    0.000000] PM: Registered nosave memory: [mem 0x000f0000-0x000fffff]
[    0.000000] e820: [mem 0x40000000-0xfebfffff] available for PCI devices
[    0.000000] Booting paravirtualized kernel on KVM
[    0.000000] clocksource: refined-jiffies: mask: 0xffffffff max_cycles: 0xffffffff, max_idle_ns: 7645519600211568 ns
[    0.000000] setup_percpu: NR_CPUS:512 nr_cpumask_bits:512 nr_cpu_ids:2 nr_node_ids:1
[    0.000000] PERCPU: Embedded 34 pages/cpu @ffff88003fc00000 s99544 r8192 d31528 u1048576
[    0.000000] Built 1 zonelists in Node order, mobility grouping on.  Total pages: 257912
[    0.000000] Policy zone: DMA32
[    0.000000] Kernel command line: BOOT_IMAGE=/boot/vmlinuz-4.4.0-165-generic root=LABEL=cloudimg-rootfs ro console=tty1 console=ttyS0
[    0.000000] PID hash table entries: 4096 (order: 3, 32768 bytes)
[    0.000000] Memory: 997732K/1048120K available (8621K kernel code, 1335K rwdata, 4032K rodata, 1484K init, 1284K bss, 50388K reserved, 0K cma-reserved)
[    0.000000] SLUB: HWalign=64, Order=0-3, MinObjects=0, CPUs=2, Nodes=1
[    0.000000] Hierarchical RCU implementation.
[    0.000000] 	Build-time adjustment of leaf fanout to 64.
[    0.000000] 	RCU restricting CPUs from NR_CPUS=512 to nr_cpu_ids=2.
[    0.000000] RCU: Adjusting geometry for rcu_fanout_leaf=64, nr_cpu_ids=2
[    0.000000] NR_IRQS:33024 nr_irqs:440 16
[    0.000000] Console: colour VGA+ 80x25
[    0.000000] console [tty1] enabled
[    0.000000] console [ttyS0] enabled
[    0.000000] tsc: Detected 1992.001 MHz processor
[    0.253620] Calibrating delay loop (skipped) preset value.. 3984.00 BogoMIPS (lpj=7968004)
[    0.256644] pid_max: default: 32768 minimum: 301
[    0.258315] ACPI: Core revision 20150930
[    0.261200] ACPI: 2 ACPI AML tables successfully acquired and loaded
[    0.263374] Security Framework initialized
[    0.264748] Yama: becoming mindful.
[    0.266190] AppArmor: AppArmor initialized
[    0.267587] Dentry cache hash table entries: 131072 (order: 8, 1048576 bytes)
[    0.269926] Inode-cache hash table entries: 65536 (order: 7, 524288 bytes)
[    0.276877] Mount-cache hash table entries: 2048 (order: 2, 16384 bytes)
[    0.278904] Mountpoint-cache hash table entries: 2048 (order: 2, 16384 bytes)
[    0.281484] Initializing cgroup subsys io
[    0.282864] Initializing cgroup subsys memory
[    0.284435] Initializing cgroup subsys devices
[    0.285929] Initializing cgroup subsys freezer
[    0.287435] Initializing cgroup subsys net_cls
[    0.288931] Initializing cgroup subsys perf_event
[    0.290409] Initializing cgroup subsys net_prio
[    0.291961] Initializing cgroup subsys hugetlb
[    0.293399] Initializing cgroup subsys pids
[    0.296682] mce: CPU supports 0 MCE banks
[    0.298136] Last level iTLB entries: 4KB 64, 2MB 8, 4MB 8
[    0.299860] Last level dTLB entries: 4KB 64, 2MB 0, 4MB 0, 1GB 4
[    0.301656] Spectre V1 : Mitigation: usercopy/swapgs barriers and __user pointer sanitization
[    0.304343] Spectre V2 : Mitigation: Enhanced IBRS
[    0.306113] Spectre V2 : Spectre v2 / SpectreRSB mitigation: Filling RSB on context switch
[    0.309572] Speculative Store Bypass: Vulnerable
[    0.315998] Freeing SMP alternatives memory: 36K
[    0.328222] ftrace: allocating 32318 entries in 127 pages
[    0.412138] smpboot: APIC(0) Converting physical 0 to logical package 0
[    0.414363] smpboot: Max logical packages: 1
[    0.416296] x2apic enabled
[    0.417880] Switched APIC routing to physical x2apic.
[    0.421261] ..TIMER: vector=0x30 apic1=0 pin1=2 apic2=-1 pin2=-1
[    0.528768] smpboot: CPU0: Intel(R) Core(TM) i7-8565U CPU @ 1.80GHz (family: 0x6, model: 0x8e, stepping: 0xc)
[    0.532326] Performance Events: unsupported p6 CPU model 142 no PMU driver, software events only.
[    0.552626] KVM setup paravirtual spinlock
[    0.555347] x86: Booting SMP configuration:
[    0.556673] .... node  #0, CPUs:      #1
[    0.558041] kvm-clock: cpu 1, msr 0:3ffe3041, secondary cpu clock
[    0.561086] mce: CPU supports 0 MCE banks
[    0.563852] x86: Booted up 1 node, 2 CPUs
[    0.565658] smpboot: Total of 2 processors activated (7968.00 BogoMIPS)
[    0.568641] devtmpfs: initialized
[    0.574119] evm: security.selinux
[    0.575306] evm: security.SMACK64
[    0.576773] evm: security.SMACK64EXEC
[    0.578229] evm: security.SMACK64TRANSMUTE
[    0.579719] evm: security.SMACK64MMAP
[    0.581146] evm: security.ima
[    0.582284] evm: security.capability
[    0.584075] clocksource: jiffies: mask: 0xffffffff max_cycles: 0xffffffff, max_idle_ns: 7645041785100000 ns
[    0.587982] futex hash table entries: 512 (order: 3, 32768 bytes)
[    0.590283] pinctrl core: initialized pinctrl subsystem
[    0.592233] RTC time: 13:42:34, date: 10/09/19
[    0.598963] NET: Registered protocol family 16
[    0.613834] cpuidle: using governor ladder
[    0.627485] cpuidle: using governor menu
[    0.629219] PCCT header not found.
[    0.630688] ACPI: bus type PCI registered
[    0.632046] acpiphp: ACPI Hot Plug PCI Controller Driver version: 0.5
[    0.634153] PCI: Using configuration type 1 for base access
[    0.652522] ACPI: Added _OSI(Module Device)
[    0.654037] ACPI: Added _OSI(Processor Device)
[    0.655560] ACPI: Added _OSI(3.0 _SCP Extensions)
[    0.657210] ACPI: Added _OSI(Processor Aggregator Device)
[    0.660141] ACPI: Executed 1 blocks of module-level executable AML code
[    0.665463] ACPI: Interpreter enabled
[    0.666760] ACPI: (supports S0 S5)
[    0.667966] ACPI: Using IOAPIC for interrupt routing
[    0.669848] PCI: Using host bridge windows from ACPI; if necessary, use "pci=nocrs" and report a bug
[    0.678407] ACPI: PCI Root Bridge [PCI0] (domain 0000 [bus 00-ff])
[    0.680535] acpi PNP0A03:00: _OSC: OS supports [ASPM ClockPM Segments MSI]
[    0.683167] acpi PNP0A03:00: _OSC: not requesting OS control; OS requires [ExtendedConfig ASPM ClockPM MSI]
[    0.686242] acpi PNP0A03:00: fail to add MMCONFIG information, can't access extended PCI configuration space under this bridge.
[    0.690197] PCI host bridge to bus 0000:00
[    0.691698] pci_bus 0000:00: root bus resource [io  0x0000-0x0cf7 window]
[    0.693770] pci_bus 0000:00: root bus resource [io  0x0d00-0xffff window]
[    0.695834] pci_bus 0000:00: root bus resource [mem 0x000a0000-0x000bffff window]
[    0.698421] pci_bus 0000:00: root bus resource [mem 0x40000000-0xfdffffff window]
[    0.700952] pci_bus 0000:00: root bus resource [bus 00-ff]
[    0.705587] pci 0000:00:01.1: legacy IDE quirk: reg 0x10: [io  0x01f0-0x01f7]
[    0.707612] pci 0000:00:01.1: legacy IDE quirk: reg 0x14: [io  0x03f6]
[    0.709641] pci 0000:00:01.1: legacy IDE quirk: reg 0x18: [io  0x0170-0x0177]
[    0.711735] pci 0000:00:01.1: legacy IDE quirk: reg 0x1c: [io  0x0376]
[    0.735407] pci 0000:00:07.0: quirk: [io  0x4000-0x403f] claimed by PIIX4 ACPI
[    0.755020] pci 0000:00:07.0: quirk: [io  0x4100-0x410f] claimed by PIIX4 SMB
[    0.764805] ACPI: PCI Interrupt Link [LNKA] (IRQs 5 9 10 *11)
[    0.767883] ACPI: PCI Interrupt Link [LNKB] (IRQs 5 9 *10 11)
[    0.770702] ACPI: PCI Interrupt Link [LNKC] (IRQs 5 *9 10 11)
[    0.773530] ACPI: PCI Interrupt Link [LNKD] (IRQs 5 9 10 *11)
[    0.776318] ACPI: Enabled 2 GPEs in block 00 to 07
[    0.778458] vgaarb: setting as boot device: PCI:0000:00:02.0
[    0.780423] vgaarb: device added: PCI:0000:00:02.0,decodes=io+mem,owns=io+mem,locks=none
[    0.782992] vgaarb: loaded
[    0.783997] vgaarb: bridge control possible 0000:00:02.0
[    0.786179] SCSI subsystem initialized
[    0.787655] ACPI: bus type USB registered
[    0.789028] usbcore: registered new interface driver usbfs
[    0.790654] usbcore: registered new interface driver hub
[    0.792341] usbcore: registered new device driver usb
[    0.794127] PCI: Using ACPI for IRQ routing
[    0.796056] NetLabel: Initializing
[    0.797372] NetLabel:  domain hash size = 128
[    0.798802] NetLabel:  protocols = UNLABELED CIPSOv4
[    0.800288] NetLabel:  unlabeled traffic allowed by default
[    0.802215] amd_nb: Cannot enumerate AMD northbridges
[    0.803861] clocksource: Switched to clocksource kvm-clock
[    0.824037] AppArmor: AppArmor Filesystem Enabled
[    0.825643] pnp: PnP ACPI init
[    0.828047] pnp: PnP ACPI: found 3 devices
[    0.842331] clocksource: acpi_pm: mask: 0xffffff max_cycles: 0xffffff, max_idle_ns: 2085701024 ns
[    0.845216] NET: Registered protocol family 2
[    0.846916] TCP established hash table entries: 8192 (order: 4, 65536 bytes)
[    0.849828] TCP bind hash table entries: 8192 (order: 5, 131072 bytes)
[    0.851799] TCP: Hash tables configured (established 8192 bind 8192)
[    0.858182] UDP hash table entries: 512 (order: 2, 16384 bytes)
[    0.860010] UDP-Lite hash table entries: 512 (order: 2, 16384 bytes)
[    0.861907] NET: Registered protocol family 1
[    0.863356] pci 0000:00:00.0: Limiting direct PCI/PCI transfers
[    0.865692] pci 0000:00:01.0: Activating ISA DMA hang workarounds
[    0.868065] Unpacking initramfs...
[    1.345658] Freeing initrd memory: 14828K
[    1.347312] clocksource: tsc: mask: 0xffffffffffffffff max_cycles: 0x396d54029a7, max_idle_ns: 881590429682 ns
[    1.350745] platform rtc_cmos: registered platform RTC device (no PNP device found)
[    1.353407] Scanning for low memory corruption every 60 seconds
[    1.356136] audit: initializing netlink subsys (disabled)
[    1.357864] audit: type=2000 audit(1570628561.034:1): initialized
[    1.360253] Initialise system trusted keyring
[    1.362082] HugeTLB registered 2 MB page size, pre-allocated 0 pages
[    1.366158] zbud: loaded
[    1.367710] VFS: Disk quotas dquot_6.6.0
[    1.369154] VFS: Dquot-cache hash table entries: 512 (order 0, 4096 bytes)
[    1.371526] squashfs: version 4.0 (2009/01/31) Phillip Lougher
[    1.373904] fuse init (API version 7.23)
[    1.375538] Key type big_key registered
[    1.377086] Allocating IMA MOK and blacklist keyrings.
[    1.386293] Key type asymmetric registered
[    1.387807] Asymmetric key parser 'x509' registered
[    1.389838] Block layer SCSI generic (bsg) driver version 0.4 loaded (major 249)
[    1.392569] io scheduler noop registered
[    1.393958] io scheduler deadline registered (default)
[    1.395805] io scheduler cfq registered
[    1.397519] pci_hotplug: PCI Hot Plug PCI Core version: 0.5
[    1.399321] pciehp: PCI Express Hot Plug Controller Driver version: 0.4
[    1.401529] ACPI: AC Adapter [AC] (on-line)
[    1.403083] input: Power Button as /devices/LNXSYSTM:00/LNXPWRBN:00/input/input0
[    1.405793] ACPI: Power Button [PWRF]
[    1.407221] input: Sleep Button as /devices/LNXSYSTM:00/LNXSLPBN:00/input/input1
[    1.409892] ACPI: Sleep Button [SLPF]
[    1.411562] GHES: HEST is not enabled!
[    1.412608] ACPI: Battery Slot [BAT0] (battery present)
[    1.415051] Serial: 8250/16550 driver, 32 ports, IRQ sharing enabled
[    1.438220] 00:02: ttyS0 at I/O 0x3f8 (irq = 4, base_baud = 115200) is a 16550A
[    1.445625] Linux agpgart interface v0.103
[    1.450005] loop: module loaded
[    1.452185] scsi host0: ata_piix
[    1.453559] scsi host1: ata_piix
[    1.454757] ata1: PATA max UDMA/33 cmd 0x1f0 ctl 0x3f6 bmdma 0xd000 irq 14
[    1.456739] ata2: PATA max UDMA/33 cmd 0x170 ctl 0x376 bmdma 0xd008 irq 15
[    1.459249] libphy: Fixed MDIO Bus: probed
[    1.460648] tun: Universal TUN/TAP device driver, 1.6
[    1.462157] tun: (C) 1999-2004 Max Krasnyansky <maxk@qualcomm.com>
[    1.464161] PPP generic driver version 2.4.2
[    1.465811] ehci_hcd: USB 2.0 'Enhanced' Host Controller (EHCI) Driver
[    1.467665] ehci-pci: EHCI PCI platform driver
[    1.469117] ehci-platform: EHCI generic platform driver
[    1.470665] ohci_hcd: USB 1.1 'Open' Host Controller (OHCI) Driver
[    1.472419] ohci-pci: OHCI PCI platform driver
[    1.473837] ohci-platform: OHCI generic platform driver
[    1.475491] uhci_hcd: USB Universal Host Controller Interface driver
[    1.477502] i8042: PNP: PS/2 Controller [PNP0303:PS2K,PNP0f03:PS2M] at 0x60,0x64 irq 1,12
[    1.480732] serio: i8042 KBD port at 0x60,0x64 irq 1
[    1.482254] serio: i8042 AUX port at 0x60,0x64 irq 12
[    1.484225] mousedev: PS/2 mouse device common for all mice
[    1.486529] input: AT Translated Set 2 keyboard as /devices/platform/i8042/serio0/input/input2
[    1.490060] rtc_cmos rtc_cmos: rtc core: registered rtc_cmos as rtc0
[    1.492089] rtc_cmos rtc_cmos: alarms up to one day, 114 bytes nvram
[    1.493967] i2c /dev entries driver
[    1.495290] device-mapper: uevent: version 1.0.3
[    1.497090] device-mapper: ioctl: 4.34.0-ioctl (2015-10-28) initialised: dm-devel@redhat.com
[    1.500014] ledtrig-cpu: registered to indicate activity on CPUs
[    1.502550] NET: Registered protocol family 10
[    1.504661] NET: Registered protocol family 17
[    1.506147] Key type dns_resolver registered
[    1.508496] registered taskstats version 1
[    1.509929] Loading compiled-in X.509 certificates
[    1.512482] Loaded X.509 cert 'Build time autogenerated kernel key: 0ed82eac04367aa6426493b1389455ebf6830eaa'
[    1.516031] zswap: loaded using pool lzo/zbud
[    1.520443] Key type trusted registered
[    1.526787] Key type encrypted registered
[    1.528184] AppArmor: AppArmor sha1 policy hashing enabled
[    1.530050] ima: No TPM chip found, activating TPM-bypass!
[    1.531795] ima: Allocated hash algorithm: sha1
[    1.533372] evm: HMAC attrs: 0x1
[    1.535069]   Magic number: 7:762:735
[    1.536574] rtc_cmos rtc_cmos: setting system clock to 2019-10-09 13:42:35 UTC (1570628555)
[    1.540191] BIOS EDD facility v0.16 2004-Jun-25, 0 devices found
[    1.542118] EDD information not available.
[    1.614701] Freeing unused kernel memory: 1484K
[    1.616470] Write protecting the kernel read-only data: 14336k
[    1.619622] Freeing unused kernel memory: 1608K
[    1.622047] Freeing unused kernel memory: 64K
Loading, please wait...
starting version 229
[    1.647519] random: systemd-udevd: uninitialized urandom read (16 bytes read, 3 bits of entropy available)
[    1.648527] random: udevadm: uninitialized urandom read (16 bytes read, 3 bits of entropy available)
[    1.648561] random: udevadm: uninitialized urandom read (16 bytes read, 3 bits of entropy available)
[    1.659201] random: systemd-udevd: uninitialized urandom read (16 bytes read, 3 bits of entropy available)
[    1.660772] random: udevadm: uninitialized urandom read (16 bytes read, 3 bits of entropy available)
[    1.660847] random: udevadm: uninitialized urandom read (16 bytes read, 3 bits of entropy available)
[    1.661019] random: udevadm: uninitialized urandom read (16 bytes read, 3 bits of entropy available)
[    1.661080] random: udevadm: uninitialized urandom read (16 bytes read, 3 bits of entropy available)
[    1.661137] random: udevadm: uninitialized urandom read (16 bytes read, 3 bits of entropy available)
[    1.661196] random: udevadm: uninitialized urandom read (16 bytes read, 3 bits of entropy available)
[    1.730460] e1000: Intel(R) PRO/1000 Network Driver - version 7.3.21-k8-NAPI
[    1.733265] e1000: Copyright (c) 1999-2006 Intel Corporation.
[    1.733349] Fusion MPT base driver 3.04.20
[    1.733350] Copyright (c) 1999-2008 LSI Corporation
[    1.752575] Fusion MPT SPI Host driver 3.04.20
[    1.783907] AVX2 version of gcm_enc/dec engaged.
[    1.785548] AES CTR mode by8 optimization enabled
[    1.953502] input: ImExPS/2 Generic Explorer Mouse as /devices/platform/i8042/serio1/input/input4
[    2.166848] e1000 0000:00:03.0 eth0: (PCI:33MHz:32-bit) 02:0e:9b:2d:5b:92
[    2.168966] e1000 0000:00:03.0 eth0: Intel(R) PRO/1000 Network Connection
[    2.172224] mptbase: ioc0: Initiating bringup
[    2.173074] e1000 0000:00:03.0 enp0s3: renamed from eth0
[    2.332473] ioc0: LSI53C1030 A0: Capabilities={Initiator}
[    3.004354] scsi host2: ioc0: LSI53C1030 A0, FwRev=00000000h, Ports=1, MaxQ=256, IRQ=20
[    3.359570] scsi 2:0:0:0: Direct-Access     VBOX     HARDDISK         1.0  PQ: 0 ANSI: 5
[    3.364983] scsi target2:0:0: Beginning Domain Validation
[    3.374558] scsi target2:0:0: Domain Validation skipping write tests
[    3.376908] scsi target2:0:0: Ending Domain Validation
[    3.378863] scsi target2:0:0: asynchronous
[    3.381985] scsi 2:0:1:0: Direct-Access     VBOX     HARDDISK         1.0  PQ: 0 ANSI: 5
[    3.384668] scsi target2:0:1: Beginning Domain Validation
[    3.390421] scsi target2:0:1: Domain Validation skipping write tests
[    3.392404] scsi target2:0:1: Ending Domain Validation
[    3.394486] scsi target2:0:1: asynchronous
[    3.412356] sd 2:0:0:0: Attached scsi generic sg0 type 0
[    3.431051] sd 2:0:0:0: [sda] 20971520 512-byte logical blocks: (10.7 GB/10.0 GiB)
[    3.434421] sd 2:0:0:0: [sda] Write Protect is off
[    3.436487] sd 2:0:0:0: [sda] Incomplete mode parameter data
[    3.438556] sd 2:0:0:0: [sda] Assuming drive cache: write through
[    3.440533] sd 2:0:1:0: [sdb] 20480 512-byte logical blocks: (10.5 MB/10.0 MiB)
[    3.443396] sd 2:0:1:0: Attached scsi generic sg1 type 0
[    3.445790] sd 2:0:1:0: [sdb] Write Protect is off
[    3.447928] sd 2:0:1:0: [sdb] Incomplete mode parameter data
[    3.449618] sd 2:0:1:0: [sdb] Assuming drive cache: write through
[    3.461690]  sda: sda1
[    3.465447] sd 2:0:0:0: [sda] Attached SCSI disk
[    3.467468] sd 2:0:1:0: [sdb] Attached SCSI disk
Begin: Loading essential drivers ... [    5.018100] md: linear personality registered for level -1
[    5.023360] md: multipath personality registered for level -4
[    5.028660] md: raid0 personality registered for level 0
[    5.036351] md: raid1 personality registered for level 1
[    5.107920] raid6: sse2x1   gen()  5209 MB/s
[    5.176022] raid6: sse2x1   xor()  3552 MB/s
[    5.244124] raid6: sse2x2   gen()  7296 MB/s
[    5.312088] raid6: sse2x2   xor()  4965 MB/s
[    5.379961] raid6: sse2x4   gen()  8199 MB/s
[    5.448283] raid6: sse2x4   xor()  5166 MB/s
[    5.516736] raid6: avx2x1   gen()  9176 MB/s
[    5.584073] raid6: avx2x2   gen() 13312 MB/s
[    5.651929] raid6: avx2x4   gen() 15041 MB/s
[    5.653520] raid6: using algorithm avx2x4 gen() 15041 MB/s
[    5.655264] raid6: using avx2x2 recovery algorithm
[    5.658975] xor: automatically using best checksumming function:
[    5.700273]    avx       : 12295.000 MB/sec
[    5.703817] async_tx: api initialized (async)
[    5.724109] md: raid6 personality registered for level 6
[    5.726290] md: raid5 personality registered for level 5
[    5.728541] md: raid4 personality registered for level 4
[    5.742783] md: raid10 personality registered for level 10
done.
Begin: Running /scripts/init-premount ... done.
Begin: Mounting root file system ... Begin: Running /scripts/local-top ... done.
Begin: Running /scripts/local-premount ... [    5.788651] Btrfs loaded
Scanning for Btrfs filesystems
done.
Warning: fsck not present, so skipping root file system
[    5.842495] EXT4-fs (sda1): mounted filesystem with ordered data mode. Opts: (null)
done.
Begin: Running /scripts/local-bottom ... done.
Begin: Running /scripts/init-bottom ... done.
[    5.965627] systemd[1]: systemd 229 running in system mode. (+PAM +AUDIT +SELINUX +IMA +APPARMOR +SMACK +SYSVINIT +UTMP +LIBCRYPTSETUP +GCRYPT +GNUTLS +ACL +XZ -LZ4 +SECCOMP +BLKID +ELFUTILS +KMOD -IDN)
[    5.971318] systemd[1]: Detected virtualization oracle.
[    5.973082] systemd[1]: Detected architecture x86-64.

Welcome to [1mUbuntu 16.04.6 LTS[0m!

[    5.978107] systemd[1]: Set hostname to <ubuntu>.
[    5.982524] systemd[1]: Initializing machine ID from random generator.
[    5.984540] systemd[1]: Installed transient /etc/machine-id file.
[    6.153737] systemd[1]: Reached target Encrypted Volumes.
[[0;32m  OK  [0m] Reached target Encrypted Volumes.
[    6.164541] systemd[1]: Reached target System Time Synchronized.
[[0;32m  OK  [0m] Reached target System Time Synchronized.
[    6.172367] systemd[1]: Started Forward Password Requests to Wall Directory Watch.
[[0;32m  OK  [0m] Started Forward Password Requests to Wall Directory Watch.
[    6.176892] systemd[1]: Listening on udev Control Socket.
[[0;32m  OK  [0m] Listening on udev Control Socket.
[    6.184994] systemd[1]: Listening on LVM2 poll daemon socket.
[[0;32m  OK  [0m] Listening on LVM2 poll daemon socket.
[    6.187972] systemd[1]: Started Trigger resolvconf update for networkd DNS.
[[0;32m  OK  [0m] Started Trigger resolvconf update for networkd DNS.
[    6.196842] systemd[1]: Listening on Journal Socket (/dev/log).
[[0;32m  OK  [0m] Listening on Journal Socket (/dev/log).
[    6.200793] systemd[1]: Set up automount Arbitrary Executable File Formats File System Automount Point.
[[0;32m  OK  [0m] Set up automount Arbitrary Executab...ats File System Automount Point.
[    6.205964] systemd[1]: Listening on /dev/initctl Compatibility Named Pipe.
[[0;32m  OK  [0m] Listening on /dev/initctl Compatibility Named Pipe.
[    6.210363] systemd[1]: Listening on Syslog Socket.
[[0;32m  OK  [0m] Listening on Syslog Socket.
[    6.220171] systemd[1]: Reached target User and Group Name Lookups.
[[0;32m  OK  [0m] Reached target User and Group Name Lookups.
[    6.223234] systemd[1]: Reached target Swap.
[[0;32m  OK  [0m] Reached target Swap.
[    6.225827] systemd[1]: Listening on LVM2 metadata daemon socket.
[[0;32m  OK  [0m] Listening on LVM2 metadata daemon socket.
[    6.236530] systemd[1]: Listening on udev Kernel Socket.
[[0;32m  OK  [0m] Listening on udev Kernel Socket.
[    6.239216] systemd[1]: Listening on Journal Socket.
[[0;32m  OK  [0m] Listening on Journal Socket.
[    6.241822] systemd[1]: Listening on Journal Audit Socket.
[[0;32m  OK  [0m] Listening on Journal Audit Socket.
[    6.245180] systemd[1]: Created slice System Slice.
[[0;32m  OK  [0m] Created slice System Slice.
[    6.264482] systemd[1]: Starting Journal Service...
         Starting Journal Service...
[    6.268225] systemd[1]: Starting Set console keymap...
         Starting Set console keymap...
[    6.271684] systemd[1]: Starting Remount Root and Kernel File Systems...
         Starting Remount Root and Kernel File Systems...
[    6.276462] systemd[1]: Starting Create list of required static device nodes for the current kernel...
         Starting Create list of required st... nodes for the current kernel...
[    6.287271] systemd[1]: Mounting POSIX Message Queue File System...
[    6.291113] EXT4-fs (sda1): re-mounted. Opts: (null)
         Mounting POSIX Message Queue File System...
[    6.296394] systemd[1]: Starting Load Kernel Modules...
         Starting Load Kernel Modules...
[    6.307841] systemd[1]: Starting Nameserver information manager...
         Starting Nameserver information manager...
[    6.311844] systemd[1]: Starting Uncomplicated firewall...
         Starting Uncomplicated firewall...
[    6.316570] systemd[1]: Created slice system-serial\x2dgetty.slice.
[[0;32m  OK  [0m] Created slice system-serial\x2dgetty.slice.
[    6.320345] systemd[1]: Created slice User and Session Slice.
[[0;32m  OK  [0m] Created slice User and Session Slice.
[    6.329091] Loading iSCSI transport class v2.0-870.
[    6.333857] systemd[1]: Reached target Slices.
[[0;32m  OK  [0m] Reached target Slices.
[    6.340134] systemd[1]: Listening on Device-mapper event daemon FIFOs.
[[0;32m  OK  [0m] Listening on Device-mapper event daemon FIFOs.
[    6.347298] iscsi: registered transport (tcp)
[    6.368191] systemd[1]: Starting Monitoring of LVM2 mirrors, snapshots etc. using dmeventd or progress polling...
         Starting Monitoring of LVM2 mirrors... dmeventd or progress polling...
[    6.373504] systemd[1]: Mounting Huge Pages File System...
         Mounting Huge Pages File System...
[    6.381927] systemd[1]: Mounting Debug File System...
         Mounting Debug File System...
[    6.388929] systemd[1]: Mounted POSIX Message Queue File System.
[[0;32m  OK  [0m] Mounted POSIX Message Queue File System.
[    6.392020] systemd[1]: Mounted Debug File System.
[[0;32m  OK  [0m] Mounted Debug File System.
[    6.394900] systemd[1]: Mounted Huge Pages File System.
[[0;32m  OK  [0m] Mounted Huge Pages File System.
[    6.398593] systemd[1]: Started Journal Service.
[[0;32m  OK  [0m] Started Journal Service.
[[0;32m  OK  [0m] Started Set console keymap.
[[0;32m  OK  [0m] Started Remount Root and Kernel File Systems.
[[0;32m  OK  [0m] Started Create list of required sta...ce nodes for the current kernel.
[    6.411779] iscsi: registered transport (iser)
[[0;32m  OK  [0m] Started Load Kernel Modules.
[[0;32m  OK  [0m] Started Uncomplicated firewall.
[[0;32m  OK  [0m] Started Nameserver information manager.
[[0;32m  OK  [0m] Started LVM2 metadata daemon.
         Mounting FUSE Control File System...
         Starting Apply Kernel Variables...
         Starting Create Static Device Nodes in /dev...
         Starting udev Coldplug all Devices...
         Starting Load/Save Random Seed...
         Starting Flush Journal to Persistent Storage...
[[0;32m  OK  [0m] Mounted FUSE Control File System.
[[0;32m  OK  [0m] Started Load/Save Random Seed.
[[0;32m  OK  [0m] Started Apply Kernel Variables.
[[0;32m  OK  [0m] Started Create Static Device Nodes in /dev.
[[0;32m  OK  [0m] Started Flush Journal to Persistent Storage.
         Starting udev Kernel Device Manager...
[[0;32m  OK  [0m] Started udev Coldplug all Devices.
[[0;32m  OK  [0m] Started udev Kernel Device Manager.
[[0;32m  OK  [0m] Started Dispatch Password Requests to Console Directory Watch.
[[0;32m  OK  [0m] Found device /dev/ttyS0.
[[0;32m  OK  [0m] Listening on Load/Save RF Kill Switch Status /dev/rfkill Watch.
[[0;32m  OK  [0m] Started Monitoring of LVM2 mirrors,...ng dmeventd or progress polling.
[[0;32m  OK  [0m] Reached target Local File Systems (Pre).
[[0;32m  OK  [0m] Reached target Local File Systems.
         Starting Commit a transient machine-id on disk...
         Starting Set console font and keymap...
         Starting LSB: AppArmor initialization...
         Starting Tell Plymouth To Write Out Runtime Data...
         Starting Create Volatile Files and Directories...
         Starting Initial cloud-init job (pre-networking)...
[[0;32m  OK  [0m] Started Commit a transient machine-id on disk.
[[0;32m  OK  [0m] Started Tell Plymouth To Write Out Runtime Data.
[[0;32m  OK  [0m] Started Create Volatile Files and Directories.
         Starting Update UTMP about System Boot/Shutdown...
[[0;32m  OK  [0m] Started Update UTMP about System Boot/Shutdown.
[[0;32m  OK  [0m] Started Set console font and keymap.
[[0;32m  OK  [0m] Created slice system-getty.slice.
[[0;32m  OK  [0m] Started LSB: AppArmor initialization.
[    8.998664] cloud-init[637]: Cloud-init v. 19.2-36-g059d049c-0ubuntu1~16.04.1 running 'init-local' at Wed, 09 Oct 2019 13:42:42 +0000. Up 8.49 seconds.
[[0;32m  OK  [0m] Started Initial cloud-init job (pre-networking).
[[0;32m  OK  [0m] Reached target Network (Pre).
         Starting Raise network interfaces...
[[0;32m  OK  [0m] Started Raise network interfaces.
         Starting Initial cloud-init job (metadata service crawler)...
[[0;32m  OK  [0m] Reached target Network.
[   10.456016] cloud-init[955]: Cloud-init v. 19.2-36-g059d049c-0ubuntu1~16.04.1 running 'init' at Wed, 09 Oct 2019 13:42:44 +0000. Up 9.81 seconds.
[   10.465109] cloud-init[955]: ci-info: +++++++++++++++++++++++++++++++++++++Net device info++++++++++++++++++++++++++++++++++++++
[   10.466829] cloud-init[955]: ci-info: +--------+------+---------------------------+---------------+--------+-------------------+
[   10.476760] cloud-init[955]: ci-info: | Device |  Up  |          Address          |      Mask     | Scope  |     Hw-Address    |
[   10.478631] cloud-init[955]: ci-info: +--------+------+---------------------------+---------------+--------+-------------------+
[   10.484596] cloud-init[955]: ci-info: | enp0s3 | True |         10.0.2.15         | 255.255.255.0 | global | 02:0e:9b:2d:5b:92 |
[   10.486271] cloud-init[955]: ci-info: | enp0s3 | True | fe80::e:9bff:fe2d:5b92/64 |       .       |  link  | 02:0e:9b:2d:5b:92 |
[   10.492612] cloud-init[955]: ci-info: |   lo   | True |         127.0.0.1         |   255.0.0.0   |  host  |         .         |
[   10.494338] cloud-init[955]: ci-info: |   lo   | True |          ::1/128          |       .       |  host  |         .         |
[   10.495851] cloud-init[955]: ci-info: +--------+------+---------------------------+---------------+--------+-------------------+
[   10.504613] cloud-init[955]: ci-info: +++++++++++++++++++++++++++Route IPv4 info++++++++++++++++++++++++++++
[   10.506310] cloud-init[955]: ci-info: +-------+-------------+----------+---------------+-----------+-------+
[   10.508138] [[0;32m  OK  [0m] Started Initial cloud-init job (metadata service crawler).
[[0;32m  OK  [0m] Reached target System Initialization.
         Starting Socket activation for snappy daemon.
cloud-init[955]: ci-info: | Route | Destination | Gateway  |    Genmask    | Interface | Flags |
[[0;32m  OK  [0m] Started Daily apt download activities.
[[0;32m  OK  [0m] Started Daily Cleanup of Temporary Directories.
[[0;32m  OK  [0m] Listening on D-Bus System Message Bus Socket.
[[0;32m  OK  [0m] Listening on ACPID Listen Socket.
[   10.511759] cloud-init[955]: ci-info: +-------+-------------+----------+---------------+-----------+-------+
[   10.519201]          Starting LXD - unix socket.
cloud-init[955]: ci-info: |   0   |   0.0.0.0   | 10.0.2.2 |    0.0.0.0    |   enp0s3  |   UG  |
[   10.529339] [[0;32m  OK  [0m] Started ACPI Events Check.
cloud-init[955]: ci-info: |   1   |   10.0.2.0  | 0.0.0.0  | 255.255.255.0 |   enp0s3  |   U   |[
[0;32m  OK  [0m] Reached target Paths.
[   10.536473] [[0;32m  OK  [0m] Started Daily apt upgrade and clean activities.
cloud-init[955]: ci-info: +-------+-------------+----------+---------------+-----------+-------+[[0;32m  OK  [0m] Reached target Timers.

[   10.538695] [[0;32m  OK  [0m] Listening on UUID daemon activation socket.
[cloud-init[0;32m  OK  [0m[955]: ] ci-info: +++++++++++++++++++Route IPv6 info+++++++++++++++++++Reached target Network is Online.

[   10.548577] cloud-init[955]: ci-info: +-------+-------------+---------+-----------+-------+
[   10.550199] cloud-init[955]: ci-info: | Route | Destination | Gateway | Interface | Flags |
[   10.556585]          Starting iSCSI initiator daemon (iscsid)...
[[0;32m  OK  [0m] Reached target Cloud-config availability.
[[0;32m  OK  [0m] Listening on Socket activation for snappy daemon.
[[0;32m  OK  [0m] Listening on LXD - unix socket.
cloud-init[955]: ci-info: +-------+-------------+---------+-----------+-------+
[   10.568784] [[0;32m  OK  [0m] Reached target Sockets.
[[0;32m  OK  [0m] Reached target Basic System.
cloud-init[955]: ci-info: |   0   |  fe80::/64  |    ::   |   enp0s3  |   U   |
[[0;32m  OK  [0m] Started ACPI event daemon.
[   10.578293] cloud-init[955]: ci-info: |   3   |   ff00::/8  |    ::   |   enp0s3  |   U   |
[   10.582147] cloud-init[955]: ci-info: +-------+-------------+---------+-----------+-------+
         Starting Pollinate to seed the pseudo random number generator...
         Starting LSB: Record successful boot for GRUB...
         Starting /etc/rc.local Compatibility...
[   10.598955] cloud-init[955]: Generating public/private rsa key pair.
[   10.606042] cloud-init[955]: Your identification has been saved in /etc/ssh/ssh_host_rsa_key.
[[0;32m  OK  [0m] Started Regular background program processing daemon.
[   10.610756] cloud-init[955]: Your public key has been saved in /etc/ssh/ssh_host_rsa_key.pub.
[   10.623188]          Starting Accounts Service...
cloud-init[955]: The key fingerprint is:
[[0;32m  OK  [0m] Started D-Bus System Message Bus.
[   10.627011] cloud-init[955]: SHA256:zCCgfM8opDBVtKU7n3i128twjb7j460P1radqiyESk8 root@ubuntu-xenial
[   10.629769] cloud-init[955]: The key's randomart image is:
[   10.631639] cloud-init[955]: +---[RSA 2048]----+
[   10.635784] cloud-init[955]: |  ooo .          |
[   10.638075] cloud-init[955]: |.o . +           |
[   10.640425] cloud-init[955]: |+o .+ .          |
[   10.648341] cloud-init[955]: |+.. +o +         |
[   10.651107] cloud-init[955]: |.. .oo .S        |
[   10.653342] cloud-init[955]: |  . .+Eo.. +     |
[   10.655737] cloud-init[955]: |   ..++.o = +    |
[   10.658162] cloud-init[955]: |    ... .Xo+ o . |
[   10.664544] cloud-init[955]: |        .+%O=.o  |
[   10.672426] cloud-init[955]: +----[SHA256]-----+
[   10.674492] cloud-init[955]: Generating public/private dsa key pair.
[   10.680429] cloud-init[955]: Your identification has been saved in /etc/ssh/ssh_host_dsa_key.
[   10.681963] cloud-init[955]: Your public key has been saved in /etc/ssh/ssh_host_dsa_key.pub.
         Starting LXD - container startup/shutdown...
[   10.685304] cloud-init[955]: The key fingerprint is:         Starting System Logging Service...

[   10.694816] [[0;32m  OK  [0m] Started Deferred execution scheduler.
cloud-init[955]: SHA256:onwKSoPiV8ZEzcv6KSzdAIMtGjKwnUM0Yrvp6z7Pjt4 root@ubuntu-xenial         Starting Login Service...

[   10.707300]          Starting LSB: MD monitoring daemon...
cloud-init[955]: The key's randomart image is:         Starting Virtualbox guest utils...
[[0;32m  OK  [0m] Started FUSE filesystem for LXC.
         Starting Snappy daemon...

[   10.731558] [[0;32m  OK  [0m] Started /etc/rc.local Compatibility.
[[0;32m  OK  [0m] Started iSCSI initiator daemon (iscsid).
cloud-init[955]: +---[DSA 1024]----+
[   10.745100] cloud-init[955]: |.oo   o          |
[   10.746522] cloud-init[955]: |o.o. . o         |
[   10.764925] cloud-init[955]: |.=o.. . .        |
[   10.780986] cloud-init[955]: |=o*+ . o         |
[   10.796591] cloud-init[955]: |o=..= o S        |
[   10.799647] cloud-init[955]: |+  . B .         |
[   10.804936] [[0;32m  OK  [0m] Started LSB: Record successful boot for GRUB.
cloud-init[955]: |o+. B = .        |
[   10.808911] cloud-init[955]: |+o*+ * +         |
[   10.811728] cloud-init[955]: |=B=Eo .          |
[   10.826181] cloud-init[955]: +----[SHA256]-----+
[[0;32m  OK  [0m] Started System Logging Service.
[   10.838929] cloud-init[955]: Generating public/private ecdsa key pair.
[   10.842787] cloud-init[955]: Your identification has been saved in /etc/ssh/ssh_host_ecdsa_key.
[   10.852988] [[0;32m  OK  [0m] Started Login Service.
cloud-init[955]: Your public key has been saved in /etc/ssh/ssh_host_ecdsa_key.pub.
[   10.855092] cloud-init[955]: The key fingerprint is:
[   10.857084] cloud-init[955]: SHA256:cxPhnBOnKaDEg3B+F4rarFu5EIoZhSTrXiCcWc7fci8 root@ubuntu-xenial
[   10.860157] cloud-init[955]: The key's randomart image is:
[   10.866524] cloud-init[955]: +---[ECDSA 256]---+
[[0;32m  OK  [0m] Started Unattended Upgrades Shutdown.
[   10.873235] cloud-init[955]: |oo.+. o   o .    |
         Starting Authenticate and Authorize Users to Run Privileged Tasks...
[   10.934523] cloud-init[955]: |+=Booo o o B     |
[   10.948934] cloud-init[955]: |+=+o+.. . O      |
[   10.957703] cloud-init[955]: |o=.....  . o     |
         Starting Login to default iSCSI targets...
[   10.974043] cloud-init[955]: |+.o. o oS o      |
[   10.992238] cloud-init[955]: |+=..  o .o .     |
[   10.992486] cloud-init[955]: |*.o    E .       |
[   10.992735] cloud-init[955]: | + .    .        |
[   10.992914] cloud-init[955]: |. .              |
[   10.993124] cloud-init[955]: +----[SHA256]-----+
[   10.993622] cloud-init[955]: Generating public/private ed25519 key pair.
[   10.993861] cloud-init[955]: Your identification has been saved in /etc/ssh/ssh_host_ed25519_key.
[   10.994197] cloud-init[955]: Your public key has been saved in /etc/ssh/ssh_host_ed25519_key.pub.
[   10.994632] cloud-init[955]: The key fingerprint is:
[   10.994732] cloud-init[955]: SHA256:ylHTxAnPoOn/itZ7fd2DryO6SvyoYyINdckxRE58s7I root@ubuntu-xenial
[   10.994940] cloud-init[955]: The key's randomart image is:
[   10.995152] cloud-init[955]: +--[ED25519 256]--+
[   10.995535] cloud-init[955]: |    ++  oo..     |
[   10.995749] cloud-init[955]: [[0;32m  OK  [0m] Started LSB: MD monitoring daemon.
[[0;32m  OK  [0m] Started Authenticate and Authorize Users to Run Privileged Tasks.
|    o+ = *o      |
[   11.009601] cloud-init[955]: |    ..B = +      |
[   11.011558] cloud-init[955]: |   . * o .       |
[   11.012791] cloud-init[955]: |  . . = S        |
[   11.021458] cloud-init[955]: | .   E.+         |
[   11.028436] cloud-init[955]: |  o   o+.  .  ...|
[   11.030560] cloud-init[955]: | . o oo.+....o..o|
[   11.041271] cloud-init[955]: |  . oo+o+B+ .o+..|
[   11.047493] cloud-init[955]: +----[SHA256]-----+
[[0;32m  OK  [0m] Started Accounts Service.
[[0;32m  OK  [0m] Started LXD - container startup/shutdown.
[[0;32m  OK  [0m] Started Pollinate to seed the pseudo random number generator.
         Starting OpenBSD Secure Shell server...
[[0;32m  OK  [0m] Started Login to default iSCSI targets.
[[0;32m  OK  [0m] Reached target Remote File Systems (Pre).
[[0;32m  OK  [0m] Reached target Remote File Systems.
         Starting LSB: daemon to balance interrupts for SMP systems...
         Starting Permit User Sessions...
         Starting LSB: Set the CPU Frequency Scaling governor to "ondemand"...
         Starting LSB: automatic crash report generation...
[[0;32m  OK  [0m] Started Virtualbox guest utils.
[[0;32m  OK  [0m] Started Permit User Sessions.
         Starting Terminate Plymouth Boot Screen...
         Starting Hold until boot process finishes up...
[[0;32m  OK  [0m] Started OpenBSD Secure Shell server.
[[0;32m  OK  [0m] Started LSB: Set the CPU Frequency Scaling governor to "ondemand".
[[0;32m  OK  [0m] Started Terminate Plymouth Boot Screen.
[[0;32m  OK  [0m] Started Hold until boot process finishes up.
[[0;32m  OK  [0m] Started LSB: automatic crash report generation.
[[0;32m  OK  [0m] Started LSB: daemon to balance interrupts for SMP systems.
[[0;32m  OK  [0m] Started Getty on tty1.
[[0;32m  OK  [0m] Started Serial Getty on ttyS0.
[[0;32m  OK  [0m] Reached target Login Prompts.
         Starting Set console scheme...
[[0;32m  OK  [0m] Started Set console scheme.
[[0;32m  OK  [0m] Started Snappy daemon.
         Starting Wait until snapd is fully seeded...
[[0;32m  OK  [0m] Created slice User Slice of vagrant.
         Starting User Manager for UID 1000...
[[0;32m  OK  [0m] Started Session 1 of user vagrant.
[[0;32m  OK  [0m] Started User Manager for UID 1000.
[[0;32m  OK  [0m] Started Wait until snapd is fully seeded.
[[0;32m  OK  [0m] Reached target Multi-User System.
[[0;32m  OK  [0m] Reached target Graphical Interface.
         Starting Update UTMP about System Runlevel Changes...
         Starting Apply the settings specified in cloud-config...
[[0;32m  OK  [0m] Started Update UTMP about System Runlevel Changes.
[   13.334249] cloud-init[1379]: Generating locales (this might take a while)...
[   14.599626] cloud-init[1379]:   en_US.UTF-8... done
[   14.600740] cloud-init[1379]: Generation complete.
[   15.008366] cloud-init[1379]: Cloud-init v. 19.2-36-g059d049c-0ubuntu1~16.04.1 running 'modules:config' at Wed, 09 Oct 2019 13:42:47 +0000. Up 13.14 seconds.
[[0;32m  OK  [0m] Started Apply the settings specified in cloud-config.
         Starting Execute cloud user/final scripts...
ci-info: no authorized ssh keys fingerprints found for user ubuntu.
<14>Oct  9 13:42:50 ec2: 
<14>Oct  9 13:42:50 ec2: #############################################################
<14>Oct  9 13:42:50 ec2: -----BEGIN SSH HOST KEY FINGERPRINTS-----
<14>Oct  9 13:42:50 ec2: 1024 SHA256:onwKSoPiV8ZEzcv6KSzdAIMtGjKwnUM0Yrvp6z7Pjt4 root@ubuntu-xenial (DSA)
<14>Oct  9 13:42:50 ec2: 256 SHA256:cxPhnBOnKaDEg3B+F4rarFu5EIoZhSTrXiCcWc7fci8 root@ubuntu-xenial (ECDSA)
<14>Oct  9 13:42:50 ec2: 256 SHA256:ylHTxAnPoOn/itZ7fd2DryO6SvyoYyINdckxRE58s7I root@ubuntu-xenial (ED25519)
<14>Oct  9 13:42:50 ec2: 2048 SHA256:zCCgfM8opDBVtKU7n3i128twjb7j460P1radqiyESk8 root@ubuntu-xenial (RSA)
<14>Oct  9 13:42:50 ec2: -----END SSH HOST KEY FINGERPRINTS-----
<14>Oct  9 13:42:50 ec2: #############################################################
-----BEGIN SSH HOST KEY KEYS-----
ecdsa-sha2-nistp256 AAAAE2VjZHNhLXNoYTItbmlzdHAyNTYAAAAIbmlzdHAyNTYAAABBBB1ApqCYlFvyps8+3zqG51Z56M6FoxLTuTJMuQshnNMn6yjr2bfqY1CbHH5DsO+zHfkRpfvd7ZtylEkinbrHU7c= root@ubuntu-xenial
ssh-ed25519 AAAAC3NzaC1lZDI1NTE5AAAAIE0FNtuKcrx/G/49OoGbJmkMqRjHhHuDXrhfoXQWe6dF root@ubuntu-xenial
ssh-rsa AAAAB3NzaC1yc2EAAAADAQABAAABAQCra2Vj4xrpILf1f5Mt5C/6ubPU/HP07vBAtH8yRZHbeAPPZ1wkEQBxehYbFOM8K0U2a7uZyN63CmbtcNbNmQIqcV6AEwPc/f9RqmhdX4ZMRFige9aWDlWo/gPbVmqNJTjQdtxWEA8W5yeRdc7xtC9BbmL5OeBPlD0vBcDaLKNhYe25Xh2Pbf9fhkOfB3BVnIFdRBlwIaQTDGDgq5cD4NolklKbpa+DMnM5e/Al6tKEicQtJq3hTRl0S6TZhzuRUV2h3XPnOP771vSNE1e7CLUwH8HTj57yZc/Nq4HqY9TQBKYeR2Wobi2ddwgtK/Xca3B7qloBs3GbIoXaUlavvXq3 root@ubuntu-xenial
-----END SSH HOST KEY KEYS-----
[   15.822420] cloud-init[1544]: Cloud-init v. 19.2-36-g059d049c-0ubuntu1~16.04.1 running 'modules:final' at Wed, 09 Oct 2019 13:42:49 +0000. Up 15.55 seconds.
[   15.824417] cloud-init[1544]: ci-info: no authorized ssh keys fingerprints found for user ubuntu.
[   15.826105] cloud-init[1544]: Cloud-init v. 19.2-36-g059d049c-0ubuntu1~16.04.1 finished at Wed, 09 Oct 2019 13:42:50 +0000. Datasource DataSourceNoCloud [seed=/dev/sdb][dsmode=net].  Up 15.81 seconds
[[0;32m  OK  [0m] Started Execute cloud user/final scripts.
[[0;32m  OK  [0m] Reached target Cloud-init target.

Ubuntu 16.04.6 LTS ubuntu-xenial ttyS0

ubuntu-xenial login: 